// Jest Snapshot v1, https://goo.gl/fbAQLP

exports[`<App /> renders 1`] = `
<div
  data-testid="AppComponent"
>
  <div
    class="sc-EHOje bByzag"
    data-testid="NavbarComponent"
  >
    <a
      class="sc-bdVaJa fxCile"
      data-testid="NavLogo"
      href="/#Start"
      style="min-width: 10%;"
    >
      <object
        class="sc-bwzfXH cIvbrm"
      >
        <svg>
          tLogo.svg
        </svg>
      </object>
    </a>
    <a
      class="sc-bdVaJa fxCile"
      href="/#Entwicklung"
    >
      Entwicklung
    </a>
    <a
      class="sc-bdVaJa fxCile"
      href="/#Projekte"
    >
      Projekte
    </a>
    <a
      class="sc-bdVaJa fxCile"
      href="/#Story"
    >
      Story
    </a>
    <a
      class="sc-bdVaJa fxCile"
      href="/#Kontakt"
    >
      Kontakt
    </a>
  </div>
  <div
    class="sc-hMqMXs cbZZfH"
    data-testid="MainComponent"
  >
    <div
      class="sc-gZMcBi cnNjIV"
      data-testid="LandingComponent"
      id="Start"
    >
      <object
        class="sc-iwsKbI eOwdKt"
      >
        <svg
          class="navChange"
        >
          stilbruchLogo.svg
        </svg>
      </object>
      <div
        class="navChange sc-gqjmRU cxqoMz"
      >
        Webentwicklung
      </div>
    </div>
    <div
      class="navChange sc-VigVT fgFvrU"
      id="Entwicklung"
    >
      <div
        class="sc-jTzLTM hTYmZX"
      >
        Entwicklung
      </div>
      <div
        class="sc-jzJRlG ldJapp"
      >
        <div
          class="sc-fjdhpX iquxwt"
        >
          Javascript
        </div>
        <div
          class="sc-fjdhpX iquxwt"
        >
          HTML 5
        </div>
        <div
          class="sc-fjdhpX iquxwt"
        >
          CSS
        </div>
        <div
          class="sc-fjdhpX iquxwt"
        >
          Node
        </div>
        <div
          class="sc-fjdhpX iquxwt"
        >
          Express
        </div>
        <div
          class="sc-fjdhpX iquxwt"
        >
          React
        </div>
        <div
          class="sc-fjdhpX iquxwt"
        >
          Styled-Components
        </div>
        <div
          class="sc-fjdhpX iquxwt"
        >
          Redux
        </div>
        <div
          class="sc-fjdhpX iquxwt"
        >
          MongoDB
        </div>
        <div
          class="sc-fjdhpX iquxwt"
        >
          Jest
        </div>
        <div
          class="sc-fjdhpX iquxwt"
        >
          React Native
        </div>
        <div
          class="sc-fjdhpX iquxwt"
        >
          VS Code
        </div>
      </div>
    </div>
    <div
      class="navChange sc-VigVT fgFvrU"
      id="Projekte"
    >
      <div
        class="sc-jTzLTM hTYmZX"
      >
        Projekte
      </div>
      <div
        class="sc-cSHVUG hiTCKe"
      >
        <a
          class="sc-kAzzGY kLuLXp"
          href="https://www.radblocs.com"
        >
          <img
            alt="logo"
            src="logo_radblocs.png"
            style="max-width: 90%;"
          />
        </a>
      </div>
    </div>
    <div
      class="myFlex sGrid navChange sc-VigVT fgFvrU"
      id="Story"
    >
      <div
        class="sc-jTzLTM hTYmZX"
      >
        Story
      </div>
      <div
        class="sc-cSHVUG hiTCKe"
      >
        <span
          class="sc-kgoBCf fZlJqU"
        >
          Als selbst erlernter Webentwickler versuche ich den Problemen meines ärztlichen Alltages mit Hilfe von Programmcode und der Entwicklung intelligenter Software-Tools zu entgegnen. Funktionalität und Zuverlässigkeit sind mir dabei wichtiger als Komplexität und Design. Meine Webapplikationen reduzieren und erleichtern konventionelle und repetitive Arbeitsprozesse in der Medizin. Das spart Zeit, verbessert die Patientenversorgung und macht einfach mehr Spaß. Die Verbindung konservativer Medizin mit den vielfältigen Möglichkeiten moderner Webentwicklung ist der 
          <object
            class="sc-chPdSV fYNHqA"
          >
            <svg>
              stilbruchLogoShort.svg
            </svg>
          </object>
           dem ich mich widme.
          <span
            class="sc-kGXeez cEmXls"
          >
            -- Dr. M. Hübner
          </span>
        </span>
      </div>
    </div>
    <div
      class="navChange sc-VigVT fgFvrU"
      id="Kontakt"
    >
      <div
        class="sc-jTzLTM hTYmZX"
      >
        Kontaktform
      </div>
      <div
        class="sc-cSHVUG hiTCKe"
      >
        <form
          action="/kontakt"
          class="navChange"
          data-testid="FormMain"
          id="kontakt"
          method="POST"
        >
          <input
            class="sc-dxgOiQ dWWXhB"
            name="firstName1"
            style="display: none;"
            type="text"
            value=""
          />
          <input
            class="sc-dxgOiQ dWWXhB"
            name="lastName1"
            style="display: none;"
            type="text"
            value=""
          />
          <input
            class="sc-dxgOiQ dWWXhB"
            data-testid="InputEmail1"
            name="email1"
            style="display: none;"
            type="email"
            value=""
          />
          <textarea
            class="sc-ckVGcZ fPnDFe"
            name="message1"
            style="display: none;"
          />
          <input
            class="sc-dxgOiQ dWWXhB"
            data-testid="InputFirstName"
            minlength="2"
            name="firstName"
            placeholder="Vorname"
            required=""
            type="text"
            value=""
          />
          <input
            class="sc-dxgOiQ dWWXhB"
            data-testid="InputLastName"
            minlength="2"
            name="lastName"
            placeholder="Nachname"
            required=""
            type="text"
            value=""
          />
          <input
            class="sc-dxgOiQ dWWXhB"
            data-testid="InputEmail"
            name="email"
            placeholder="Email"
            required=""
            type="email"
            value=""
          />
          <textarea
            class="sc-ckVGcZ fPnDFe"
            data-testid="TextareaMessage"
            name="message"
            placeholder="Bitte schreibe hier deine Nachricht."
            required=""
          />
          <button
            class="sc-kpOJdX kiuHdg"
            data-testid="ButtonSubmit"
            type="submit"
          >
            <span>
              Nachricht senden
            </span>
          </button>
        </form>
      </div>
    </div>
  </div>
  <hr />
  <div
    class="sc-dnqmqq gOdgDC"
    data-testid="FooterMain"
  >
    <a
      class="sc-gzVnrw hwvJIi"
      data-testid="FooterLogo"
      href="/#Start"
    >
      <object
        class="sc-bZQynM fxTpvg"
      >
        <svg>
          tLogo.svg
        </svg>
      </object>
    </a>
    <a
      class="sc-htoDjs ytqdN"
      data-testid="FooterItemKontakt"
      href="/#Kontakt"
    >
      │ Kontakt 
    </a>
    <a
      class="sc-htoDjs ytqdN"
      data-testid="FooterItemDatenschutz"
      href="/datenschutz/#top"
    >
      │ Datenschutz 
    </a>
    <a
      class="sc-htoDjs ytqdN"
      data-testid="FooterItemImpressum"
      href="/impressum/#top"
    >
      │ Impressum
    </a>
  </div>
  <div
    class="sc-hSdWYo cNIshu"
  >
    <div
      class="cookieConsent "
      style="align-items: center; background: rgba(24, 24, 24, 0.9); color: rgb(255, 0, 0); display: flex; flex-wrap: wrap; justify-content: space-around; left: 0px; position: fixed; width: 100%; z-index: 999; flex-direction: row; border-radius: 10px; box-shadow: 5px 10px 20px rgba(0,0,0, 0.8); text-align: center; text-decoration: none; font-size: 2rem; font-weight: bold; margin-bottom: 1rem; bottom: 0px;"
    >
      <div
        class=""
        style="margin: 15px;"
      >
        Stilbruch.dev nutzt Cookies um die Benutzerfreundlichkeit zu verbessern. 
        <a
          href="/datenschutz"
          style="font-size: 1.5vw; text-decoration: underline; color: rgb(255, 0, 0);"
        >
          Infos zum Datenschutz
        </a>
      </div>
      <button
        class=""
        id=""
        style="background: rgba(95, 95, 95, 0.3); border: 1px solid #ff0000; border-radius: 10px; box-shadow: 5px 10px 20px rgba(0,0,0, 0.5); color: rgb(255, 0, 0); cursor: pointer; padding: 5px 10px; margin: 15px; font-size: 2rem; font-family: inherit; display: flex; flex-direction: column; justify-content: center; outline: none; font-weight: bold;"
      >
        Ok, stimme zu.
      </button>
    </div>
  </div>
</div>
`;
